{"title":"Bloom","length":"5:15"}
{"title":"MorningMrMagpie","length":"4:41"}
{"title":"LittlebyLittle","length":"4:27"}
{"title":"Feral","length":"3:13"}
{"title":"LotusFlower","length":"5:01"}
{"title":"Codex","length":"4:47"}
{"title":"GiveUptheGhost","length":"4:50"}
{"title":"Separator","length":"5:20"}
{"title":"Airbag","length":"4:44"}
{"title":"ParanoidAndroid","length":"6:23"}
{"title":"SubterraneanHomesickAlien","length":"4:27"}
{"title":"ExitMusic(ForaFilm)","length":"4:24"}
{"title":"LetDown","length":"4:59"}
{"title":"KarmaPolice","length":"4:21"}
{"title":"FitterHappier","length":"1:57"}
{"title":"Electioneering","length":"3:50"}
{"title":"ClimbingUptheWalls","length":"4:45"}
{"title":"NoSurprises","length":"3:48"}
{"title":"Lucky","length":"4:19"}
{"title":"Mysterons","length":"5:02"}
{"title":"SourTimes","length":"4:11"}
{"title":"Strangers","length":"3:55"}
{"title":"ItCouldBeSweet","length":"4:16"}
{"title":"WanderingStar","length":"4:51"}
{"title":"It'saFire","length":"3:49"}
{"title":"Numb","length":"3:54"}
{"title":"Roads","length":"5:02"}
{"title":"Pedestal","length":"3:39"}
{"title":"Biscuit","length":"5:01"}
{"title":"Silence","length":"4:58"}
{"title":"Hunter","length":"3:57"}
{"title":"NylonSmile","length":"3:16"}
{"title":"TheRip","length":"4:29"}
{"title":"Plastic","length":"3:27"}
{"title":"WeCarryOn","length":"6:27"}
{"title":"DeepWater","length":"1:31"}
{"title":"MachineGun","length":"4:43"}
{"title":"Small","length":"6:45"}
{"title":"MagicDoors","length":"3:32"}